[1/4] Creating virtual environment...
[2/4] Installing dependencies...
Requirement already satisfied: pip in ./.venv/lib/python3.9/site-packages (21.2.4)
Collecting pip
  Downloading pip-26.0.1-py3-none-any.whl (1.8 MB)
Installing collected packages: pip
  Attempting uninstall: pip
    Found existing installation: pip 21.2.4
    Uninstalling pip-21.2.4:
      Successfully uninstalled pip-21.2.4
Successfully installed pip-26.0.1
Collecting opencv-python-headless>=4.8 (from -r requirements.txt (line 2))
  Downloading opencv_python_headless-5.0.0.93-cp37-abi3-macosx_13_0_arm64.whl.metadata (19 kB)
Collecting numpy>=1.24 (from -r requirements.txt (line 3))
  Downloading numpy-2.0.2-cp39-cp39-macosx_14_0_arm64.whl.metadata (60 kB)
Collecting pytesseract>=0.3.10 (from -r requirements.txt (line 4))
  Downloading pytesseract-0.3.13-py3-none-any.whl.metadata (11 kB)
Collecting Pillow>=10.0 (from -r requirements.txt (line 5))
  Downloading pillow-11.3.0-cp39-cp39-macosx_11_0_arm64.whl.metadata (9.0 kB)
Collecting deepl>=1.18 (from -r requirements.txt (line 6))
  Downloading deepl-1.30.0-py3-none-any.whl.metadata (42 kB)
Collecting requests>=2.28 (from -r requirements.txt (line 7))
  Downloading requests-2.32.5-py3-none-any.whl.metadata (4.9 kB)
Collecting python-docx>=1.1 (from -r requirements.txt (line 8))
  Downloading python_docx-1.2.0-py3-none-any.whl.metadata (2.0 kB)
Collecting PySide6>=6.6 (from -r requirements.txt (line 9))
  Downloading pyside6-6.10.3-cp39-abi3-macosx_13_0_universal2.whl.metadata (5.3 kB)
Collecting packaging>=21.3 (from pytesseract>=0.3.10->-r requirements.txt (line 4))
  Downloading packaging-26.2-py3-none-any.whl.metadata (3.5 kB)
Collecting charset_normalizer<4,>=2 (from requests>=2.28->-r requirements.txt (line 7))
  Downloading charset_normalizer-3.4.9-cp39-cp39-macosx_10_9_universal2.whl.metadata (41 kB)
Collecting idna<4,>=2.5 (from requests>=2.28->-r requirements.txt (line 7))
  Downloading idna-3.18-py3-none-any.whl.metadata (6.1 kB)
Collecting urllib3<3,>=1.21.1 (from requests>=2.28->-r requirements.txt (line 7))
  Downloading urllib3-2.6.3-py3-none-any.whl.metadata (6.9 kB)
Collecting certifi>=2017.4.17 (from requests>=2.28->-r requirements.txt (line 7))
  Downloading certifi-2026.7.22-py3-none-any.whl.metadata (2.5 kB)
Collecting lxml>=3.1.0 (from python-docx>=1.1->-r requirements.txt (line 8))
  Downloading lxml-6.1.1-cp39-cp39-macosx_10_9_universal2.whl.metadata (3.5 kB)
Collecting typing_extensions>=4.9.0 (from python-docx>=1.1->-r requirements.txt (line 8))
  Downloading typing_extensions-4.16.0-py3-none-any.whl.metadata (3.3 kB)
Collecting shiboken6==6.10.3 (from PySide6>=6.6->-r requirements.txt (line 9))
  Downloading shiboken6-6.10.3-cp39-abi3-macosx_13_0_universal2.whl.metadata (2.5 kB)
Collecting PySide6_Essentials==6.10.3 (from PySide6>=6.6->-r requirements.txt (line 9))
  Downloading pyside6_essentials-6.10.3-cp39-abi3-macosx_13_0_universal2.whl.metadata (3.7 kB)
Collecting PySide6_Addons==6.10.3 (from PySide6>=6.6->-r requirements.txt (line 9))
  Downloading pyside6_addons-6.10.3-cp39-abi3-macosx_13_0_universal2.whl.metadata (4.0 kB)
Downloading opencv_python_headless-5.0.0.93-cp37-abi3-macosx_13_0_arm64.whl (48.3 MB)
   ━━━━━━━━━━━━━━━━━━━━━━━━━━━━━━━━━━━━━━━━ 48.3/48.3 MB 5.3 MB/s  0:00:09
Downloading numpy-2.0.2-cp39-cp39-macosx_14_0_arm64.whl (5.3 MB)
   ━━━━━━━━━━━━━━━━━━━━━━━━━━━━━━━━━━━━━━━━ 5.3/5.3 MB 9.1 MB/s  0:00:00
Downloading pytesseract-0.3.13-py3-none-any.whl (14 kB)
Downloading pillow-11.3.0-cp39-cp39-macosx_11_0_arm64.whl (4.7 MB)
   ━━━━━━━━━━━━━━━━━━━━━━━━━━━━━━━━━━━━━━━━ 4.7/4.7 MB 10.5 MB/s  0:00:00
Downloading deepl-1.30.0-py3-none-any.whl (49 kB)
Downloading requests-2.32.5-py3-none-any.whl (64 kB)
Downloading charset_normalizer-3.4.9-cp39-cp39-macosx_10_9_universal2.whl (306 kB)
Downloading idna-3.18-py3-none-any.whl (65 kB)
Downloading urllib3-2.6.3-py3-none-any.whl (131 kB)
Downloading python_docx-1.2.0-py3-none-any.whl (252 kB)
Downloading pyside6-6.10.3-cp39-abi3-macosx_13_0_universal2.whl (563 kB)
   ━━━━━━━━━━━━━━━━━━━━━━━━━━━━━━━━━━━━━━━━ 563.3/563.3 kB 11.6 MB/s  0:00:00
Downloading pyside6_addons-6.10.3-cp39-abi3-macosx_13_0_universal2.whl (322.8 MB)
   ━━━━━━━━━━━━━━━━━━━━━━━━━━━━━━━━━━━━━━━━ 322.8/322.8 MB 16.2 MB/s  0:00:19
Downloading pyside6_essentials-6.10.3-cp39-abi3-macosx_13_0_universal2.whl (106.0 MB)
   ━━━━━━━━━━━━━━━━━━━━━━━━━━━━━━━━━━━━━━━━ 106.0/106.0 MB 9.3 MB/s  0:00:11
Downloading shiboken6-6.10.3-cp39-abi3-macosx_13_0_universal2.whl (479 kB)
Downloading certifi-2026.7.22-py3-none-any.whl (136 kB)
Downloading lxml-6.1.1-cp39-cp39-macosx_10_9_universal2.whl (8.6 MB)
   ━━━━━━━━━━━━━━━━━━━━━━━━━━━━━━━━━━━━━━━━ 8.6/8.6 MB 16.0 MB/s  0:00:00
Downloading packaging-26.2-py3-none-any.whl (100 kB)
Downloading typing_extensions-4.16.0-py3-none-any.whl (45 kB)
Installing collected packages: urllib3, typing_extensions, shiboken6, Pillow, packaging, numpy, lxml, idna, charset_normalizer, certifi, requests, python-docx, pytesseract, PySide6_Essentials, opencv-python-headless, PySide6_Addons, deepl, PySide6

Successfully installed Pillow-11.3.0 PySide6-6.10.3 PySide6_Addons-6.10.3 PySide6_Essentials-6.10.3 certifi-2026.7.22 charset_normalizer-3.4.9 deepl-1.30.0 idna-3.18 lxml-6.1.1 numpy-2.0.2 opencv-python-headless-5.0.0.93 packaging-26.2 pytesseract-0.3.13 python-docx-1.2.0 requests-2.32.5 shiboken6-6.10.3 typing_extensions-4.16.0 urllib3-2.6.3
Collecting pyinstaller
  Downloading pyinstaller-6.21.0-py3-none-macosx_10_13_universal2.whl.metadata (8.5 kB)
Collecting altgraph (from pyinstaller)
  Downloading altgraph-0.17.5-py2.py3-none-any.whl.metadata (7.5 kB)
Collecting importlib-metadata>=4.6 (from pyinstaller)
  Downloading importlib_metadata-8.7.1-py3-none-any.whl.metadata (4.7 kB)
Collecting macholib>=1.8 (from pyinstaller)
  Downloading macholib-1.16.4-py2.py3-none-any.whl.metadata (12 kB)
Requirement already satisfied: packaging>=22.0 in ./.venv/lib/python3.9/site-packages (from pyinstaller) (26.2)
Collecting pyinstaller-hooks-contrib>=2026.6 (from pyinstaller)
  Downloading pyinstaller_hooks_contrib-2026.6-py3-none-any.whl.metadata (16 kB)
Requirement already satisfied: setuptools>=42.0.0 in ./.venv/lib/python3.9/site-packages (from pyinstaller) (58.0.4)
Collecting zipp>=3.20 (from importlib-metadata>=4.6->pyinstaller)
  Downloading zipp-3.23.1-py3-none-any.whl.metadata (3.6 kB)
Downloading pyinstaller-6.21.0-py3-none-macosx_10_13_universal2.whl (1.1 MB)
   ━━━━━━━━━━━━━━━━━━━━━━━━━━━━━━━━━━━━━━━━ 1.1/1.1 MB 9.8 MB/s  0:00:00
Downloading importlib_metadata-8.7.1-py3-none-any.whl (27 kB)
Downloading macholib-1.16.4-py2.py3-none-any.whl (38 kB)
Downloading altgraph-0.17.5-py2.py3-none-any.whl (21 kB)
Downloading pyinstaller_hooks_contrib-2026.6-py3-none-any.whl (457 kB)
Downloading zipp-3.23.1-py3-none-any.whl (10 kB)
Installing collected packages: altgraph, zipp, macholib, importlib-metadata, pyinstaller-hooks-contrib, pyinstaller

Successfully installed altgraph-0.17.5 importlib-metadata-8.7.1 macholib-1.16.4 pyinstaller-6.21.0 pyinstaller-hooks-contrib-2026.6 zipp-3.23.1
[3/4] Building with PyInstaller...
41 INFO: PyInstaller: 6.21.0, contrib hooks: 2026.6
41 INFO: Python: 3.9.6
52 INFO: Platform: macOS-15.7.5-arm64-arm-64bit
52 INFO: Python environment: /Users/apple/Downloads/SubtitleTranslator/.venv
83 INFO: Module search paths (PYTHONPATH):
['/Library/Developer/CommandLineTools/Library/Frameworks/Python3.framework/Versions/3.9/lib/python39.zip',
 '/Library/Developer/CommandLineTools/Library/Frameworks/Python3.framework/Versions/3.9/lib/python3.9',
 '/Library/Developer/CommandLineTools/Library/Frameworks/Python3.framework/Versions/3.9/lib/python3.9/lib-dynload',
 '/Users/apple/Downloads/SubtitleTranslator/.venv/lib/python3.9/site-packages',
 '/Users/apple/Downloads/SubtitleTranslator/gui',
 '/Users/apple/Downloads/SubtitleTranslator',
 '/Users/apple/Downloads']
735 INFO: checking Analysis
736 INFO: Building Analysis because Analysis-00.toc is non existent
736 INFO: Looking for Python shared library...
741 INFO: Using Python shared library: /Library/Developer/CommandLineTools/Library/Frameworks/Python3.framework/Versions/3.9/Python3
741 INFO: Running Analysis Analysis-00.toc
741 INFO: Target bytecode optimization level: 0
741 INFO: Initializing module dependency graph...
741 INFO: Initializing module graph hook caches...
750 INFO: Analyzing modules for base_library.zip ...
955 INFO: Processing standard module hook 'hook-encodings.py' from '/Users/apple/Downloads/SubtitleTranslator/.venv/lib/python3.9/site-packages/PyInstaller/hooks'
1272 INFO: Processing standard module hook 'hook-math.py' from '/Users/apple/Downloads/SubtitleTranslator/.venv/lib/python3.9/site-packages/PyInstaller/hooks'
1666 INFO: Processing standard module hook 'hook-pickle.py' from '/Users/apple/Downloads/SubtitleTranslator/.venv/lib/python3.9/site-packages/PyInstaller/hooks'
2042 INFO: Processing standard module hook 'hook-heapq.py' from '/Users/apple/Downloads/SubtitleTranslator/.venv/lib/python3.9/site-packages/PyInstaller/hooks'
2232 INFO: Caching module dependency graph...
2263 INFO: Analyzing /Users/apple/Downloads/SubtitleTranslator/gui/app.py
2273 INFO: Processing standard module hook 'hook-PySide6.py' from '/Users/apple/Downloads/SubtitleTranslator/.venv/lib/python3.9/site-packages/PyInstaller/hooks'
7071 INFO: Processing standard module hook 'hook-shiboken6.py' from '/Users/apple/Downloads/SubtitleTranslator/.venv/lib/python3.9/site-packages/PyInstaller/hooks'
7162 INFO: Processing standard module hook 'hook-PySide6.QtNetwork.py' from '/Users/apple/Downloads/SubtitleTranslator/.venv/lib/python3.9/site-packages/PyInstaller/hooks'
12148 INFO: Processing standard module hook 'hook-PySide6.QtCore.py' from '/Users/apple/Downloads/SubtitleTranslator/.venv/lib/python3.9/site-packages/PyInstaller/hooks'
12639 INFO: Processing standard module hook 'hook-PySide6.QtGui.py' from '/Users/apple/Downloads/SubtitleTranslator/.venv/lib/python3.9/site-packages/PyInstaller/hooks'
13195 INFO: Processing standard module hook 'hook-PySide6.QtWidgets.py' from '/Users/apple/Downloads/SubtitleTranslator/.venv/lib/python3.9/site-packages/PyInstaller/hooks'
13414 INFO: Processing standard module hook 'hook-difflib.py' from '/Users/apple/Downloads/SubtitleTranslator/.venv/lib/python3.9/site-packages/PyInstaller/hooks'
13418 INFO: Processing standard module hook 'hook-cv2.py' from '/Users/apple/Downloads/SubtitleTranslator/.venv/lib/python3.9/site-packages/_pyinstaller_hooks_contrib/stdhooks'
31829 INFO: Processing standard module hook 'hook-numpy.py' from '/Users/apple/Downloads/SubtitleTranslator/.venv/lib/python3.9/site-packages/PyInstaller/hooks'
31972 INFO: Processing standard module hook 'hook-platform.py' from '/Users/apple/Downloads/SubtitleTranslator/.venv/lib/python3.9/site-packages/PyInstaller/hooks'
31988 INFO: Processing standard module hook 'hook-xml.py' from '/Users/apple/Downloads/SubtitleTranslator/.venv/lib/python3.9/site-packages/PyInstaller/hooks'
32073 INFO: Processing standard module hook 'hook-sysconfig.py' from '/Users/apple/Downloads/SubtitleTranslator/.venv/lib/python3.9/site-packages/PyInstaller/hooks'
32080 INFO: Processing standard module hook 'hook-_osx_support.py' from '/Users/apple/Downloads/SubtitleTranslator/.venv/lib/python3.9/site-packages/PyInstaller/hooks'
32183 INFO: Processing standard module hook 'hook-webbrowser.py' from '/Users/apple/Downloads/SubtitleTranslator/.venv/lib/python3.9/site-packages/PyInstaller/hooks'
32622 INFO: Processing standard module hook 'hook-multiprocessing.util.py' from '/Users/apple/Downloads/SubtitleTranslator/.venv/lib/python3.9/site-packages/PyInstaller/hooks'
32768 INFO: Processing standard module hook 'hook-_ctypes.py' from '/Users/apple/Downloads/SubtitleTranslator/.venv/lib/python3.9/site-packages/PyInstaller/hooks'
33449 INFO: Processing standard module hook 'hook-charset_normalizer.py' from '/Users/apple/Downloads/SubtitleTranslator/.venv/lib/python3.9/site-packages/_pyinstaller_hooks_contrib/stdhooks'
33494 INFO: Processing pre-safe-import-module hook 'hook-typing_extensions.py' from '/Users/apple/Downloads/SubtitleTranslator/.venv/lib/python3.9/site-packages/PyInstaller/hooks/pre_safe_import_module'
33495 INFO: SetuptoolsInfo: initializing cached setuptools info...
33891 INFO: Processing pre-safe-import-module hook 'hook-packaging.py' from '/Users/apple/Downloads/SubtitleTranslator/.venv/lib/python3.9/site-packages/PyInstaller/hooks/pre_safe_import_module'
33904 INFO: Processing standard module hook 'hook-PIL.py' from '/Users/apple/Downloads/SubtitleTranslator/.venv/lib/python3.9/site-packages/PyInstaller/hooks'
33951 INFO: Processing standard module hook 'hook-PIL.Image.py' from '/Users/apple/Downloads/SubtitleTranslator/.venv/lib/python3.9/site-packages/PyInstaller/hooks'
34101 INFO: Processing standard module hook 'hook-xml.etree.cElementTree.py' from '/Users/apple/Downloads/SubtitleTranslator/.venv/lib/python3.9/site-packages/PyInstaller/hooks'
34203 INFO: Processing standard module hook 'hook-PIL.ImageFilter.py' from '/Users/apple/Downloads/SubtitleTranslator/.venv/lib/python3.9/site-packages/PyInstaller/hooks'
34328 INFO: Processing standard module hook 'hook-docx.py' from '/Users/apple/Downloads/SubtitleTranslator/.venv/lib/python3.9/site-packages/_pyinstaller_hooks_contrib/stdhooks'
34362 INFO: Processing standard module hook 'hook-lxml.py' from '/Users/apple/Downloads/SubtitleTranslator/.venv/lib/python3.9/site-packages/_pyinstaller_hooks_contrib/stdhooks'
35463 INFO: Processing standard module hook 'hook-lxml.etree.py' from '/Users/apple/Downloads/SubtitleTranslator/.venv/lib/python3.9/site-packages/_pyinstaller_hooks_contrib/stdhooks'
35653 INFO: Processing standard module hook 'hook-urllib3.py' from '/Users/apple/Downloads/SubtitleTranslator/.venv/lib/python3.9/site-packages/_pyinstaller_hooks_contrib/stdhooks'
35707 INFO: Processing pre-safe-import-module hook 'hook-backports.py' from '/Users/apple/Downloads/SubtitleTranslator/.venv/lib/python3.9/site-packages/PyInstaller/hooks/pre_safe_import_module'
35914 INFO: Processing standard module hook 'hook-certifi.py' from '/Users/apple/Downloads/SubtitleTranslator/.venv/lib/python3.9/site-packages/_pyinstaller_hooks_contrib/stdhooks'
36003 INFO: Processing module hooks (post-graph stage)...
36124 INFO: Processing standard module hook 'hook-lxml.isoschematron.py' from '/Users/apple/Downloads/SubtitleTranslator/.venv/lib/python3.9/site-packages/_pyinstaller_hooks_contrib/stdhooks'
36298 INFO: Processing standard module hook 'hook-PIL.SpiderImagePlugin.py' from '/Users/apple/Downloads/SubtitleTranslator/.venv/lib/python3.9/site-packages/PyInstaller/hooks'
36346 INFO: Processing standard module hook 'hook-PySide6.QtDBus.py' from '/Users/apple/Downloads/SubtitleTranslator/.venv/lib/python3.9/site-packages/PyInstaller/hooks'
36437 INFO: Processing standard module hook 'hook-lxml.objectify.py' from '/Users/apple/Downloads/SubtitleTranslator/.venv/lib/python3.9/site-packages/_pyinstaller_hooks_contrib/stdhooks'
36444 INFO: Performing binary vs. data reclassification (159 entries)
36498 INFO: Looking for ctypes DLLs
36503 INFO: Analyzing run-time hooks ...
36505 INFO: Including run-time hook 'pyi_rth_pkgutil.py' from '/Users/apple/Downloads/SubtitleTranslator/.venv/lib/python3.9/site-packages/PyInstaller/hooks/rthooks'
36506 INFO: Including run-time hook 'pyi_rth_multiprocessing.py' from '/Users/apple/Downloads/SubtitleTranslator/.venv/lib/python3.9/site-packages/PyInstaller/hooks/rthooks'
36507 INFO: Including run-time hook 'pyi_rth_inspect.py' from '/Users/apple/Downloads/SubtitleTranslator/.venv/lib/python3.9/site-packages/PyInstaller/hooks/rthooks'
36508 INFO: Including run-time hook 'pyi_rth_pyside6.py' from '/Users/apple/Downloads/SubtitleTranslator/.venv/lib/python3.9/site-packages/PyInstaller/hooks/rthooks'
36509 INFO: Processing pre-find-module-path hook 'hook-_pyi_rth_utils.py' from '/Users/apple/Downloads/SubtitleTranslator/.venv/lib/python3.9/site-packages/PyInstaller/hooks/pre_find_module_path'
36509 INFO: Processing standard module hook 'hook-_pyi_rth_utils.py' from '/Users/apple/Downloads/SubtitleTranslator/.venv/lib/python3.9/site-packages/PyInstaller/hooks'
36520 INFO: Creating base_library.zip...
36531 INFO: Looking for dynamic libraries
37251 INFO: Warnings written to /Users/apple/Downloads/SubtitleTranslator/build/_work/SubtitleTranslator/warn-SubtitleTranslator.txt
37285 INFO: Graph cross-reference written to /Users/apple/Downloads/SubtitleTranslator/build/_work/SubtitleTranslator/xref-SubtitleTranslator.html
37581 INFO: checking PYZ
37581 INFO: Building PYZ because PYZ-00.toc is non existent
37581 INFO: Building PYZ (ZlibArchive) /Users/apple/Downloads/SubtitleTranslator/build/_work/SubtitleTranslator/PYZ-00.pyz
37895 INFO: Building PYZ (ZlibArchive) /Users/apple/Downloads/SubtitleTranslator/build/_work/SubtitleTranslator/PYZ-00.pyz completed successfully.
37903 INFO: EXE target arch: arm64
37903 INFO: Code signing identity: None
37905 INFO: checking PKG
37905 INFO: Building PKG because PKG-00.toc is non existent
37905 INFO: Building PKG (CArchive) SubtitleTranslator.pkg
37912 INFO: Building PKG (CArchive) SubtitleTranslator.pkg completed successfully.
37913 INFO: Bootloader /Users/apple/Downloads/SubtitleTranslator/.venv/lib/python3.9/site-packages/PyInstaller/bootloader/Darwin-64bit/runw
37913 INFO: checking EXE
37913 INFO: Building EXE because EXE-00.toc is non existent
37913 INFO: Building EXE from EXE-00.toc
37913 INFO: Copying bootloader EXE to /Users/apple/Downloads/SubtitleTranslator/build/_work/SubtitleTranslator/SubtitleTranslator
37913 INFO: Converting EXE to target arch (arm64)
37930 INFO: Removing signature(s) from EXE
37947 INFO: Modifying Mach-O image UUID(s) in EXE
37956 INFO: Appending PKG archive to EXE
37957 INFO: Fixing EXE headers for code signing
37961 INFO: Re-signing the EXE
37982 INFO: Building EXE from EXE-00.toc completed successfully.
37986 INFO: checking COLLECT
37986 INFO: Building COLLECT because COLLECT-00.toc is non existent
37987 INFO: Building COLLECT COLLECT-00.toc
50870 INFO: Building COLLECT COLLECT-00.toc completed successfully.
50880 INFO: checking BUNDLE
50880 INFO: Building BUNDLE because BUNDLE-00.toc is non existent
50880 INFO: Building BUNDLE BUNDLE-00.toc
60530 INFO: Signing the BUNDLE...
60713 INFO: Building BUNDLE BUNDLE-00.toc completed successfully.
60720 INFO: Build complete! The results are available in: /Users/apple/Downloads/SubtitleTranslator/dist
[4/4] Done. App bundle: dist/SubtitleTranslator.app
To make a DMG:  hdiutil create -volname SubtitleTranslator -srcfolder dist/SubtitleTranslator.app -ov -format UDZO dist/SubtitleTranslator.dmg
