38 INFO: PyInstaller: 6.21.0, contrib hooks: 2026.6
39 INFO: Python: 3.9.6
49 INFO: Platform: macOS-15.7.5-arm64-arm-64bit
49 INFO: Python environment: /Users/apple/Downloads/SubtitleTranslator/.venv
90 INFO: Module search paths (PYTHONPATH):
['/Library/Developer/CommandLineTools/Library/Frameworks/Python3.framework/Versions/3.9/lib/python39.zip',
 '/Library/Developer/CommandLineTools/Library/Frameworks/Python3.framework/Versions/3.9/lib/python3.9',
 '/Library/Developer/CommandLineTools/Library/Frameworks/Python3.framework/Versions/3.9/lib/python3.9/lib-dynload',
 '/Users/apple/Downloads/SubtitleTranslator/.venv/lib/python3.9/site-packages',
 '/Users/apple/Downloads/SubtitleTranslator/gui',
 '/Users/apple/Downloads/SubtitleTranslator',
 '/Users/apple/Downloads']
226 INFO: Appending 'binaries' from .spec
227 INFO: Appending 'datas' from .spec
234 INFO: checking Analysis
234 INFO: Building Analysis because Analysis-00.toc is non existent
234 INFO: Looking for Python shared library...
237 INFO: Using Python shared library: /Library/Developer/CommandLineTools/Library/Frameworks/Python3.framework/Versions/3.9/Python3
237 INFO: Running Analysis Analysis-00.toc
237 INFO: Target bytecode optimization level: 0
237 INFO: Initializing module dependency graph...
238 INFO: Initializing module graph hook caches...
246 INFO: Analyzing modules for base_library.zip ...
602 INFO: Processing standard module hook 'hook-encodings.py' from '/Users/apple/Downloads/SubtitleTranslator/.venv/lib/python3.9/site-packages/PyInstaller/hooks'
768 INFO: Processing standard module hook 'hook-math.py' from '/Users/apple/Downloads/SubtitleTranslator/.venv/lib/python3.9/site-packages/PyInstaller/hooks'
1158 INFO: Processing standard module hook 'hook-pickle.py' from '/Users/apple/Downloads/SubtitleTranslator/.venv/lib/python3.9/site-packages/PyInstaller/hooks'
1533 INFO: Processing standard module hook 'hook-heapq.py' from '/Users/apple/Downloads/SubtitleTranslator/.venv/lib/python3.9/site-packages/PyInstaller/hooks'
1722 INFO: Caching module dependency graph...
1747 INFO: Analyzing /Users/apple/Downloads/SubtitleTranslator/gui/app.py
1758 INFO: Processing standard module hook 'hook-PySide6.py' from '/Users/apple/Downloads/SubtitleTranslator/.venv/lib/python3.9/site-packages/PyInstaller/hooks'
1870 INFO: Processing standard module hook 'hook-shiboken6.py' from '/Users/apple/Downloads/SubtitleTranslator/.venv/lib/python3.9/site-packages/PyInstaller/hooks'
1959 INFO: Processing standard module hook 'hook-PySide6.QtNetwork.py' from '/Users/apple/Downloads/SubtitleTranslator/.venv/lib/python3.9/site-packages/PyInstaller/hooks'
6052 INFO: Processing standard module hook 'hook-PySide6.QtCore.py' from '/Users/apple/Downloads/SubtitleTranslator/.venv/lib/python3.9/site-packages/PyInstaller/hooks'
6541 INFO: Processing standard module hook 'hook-PySide6.QtGui.py' from '/Users/apple/Downloads/SubtitleTranslator/.venv/lib/python3.9/site-packages/PyInstaller/hooks'
7107 INFO: Processing standard module hook 'hook-PySide6.QtWidgets.py' from '/Users/apple/Downloads/SubtitleTranslator/.venv/lib/python3.9/site-packages/PyInstaller/hooks'
7339 INFO: Processing standard module hook 'hook-difflib.py' from '/Users/apple/Downloads/SubtitleTranslator/.venv/lib/python3.9/site-packages/PyInstaller/hooks'
7342 INFO: Processing standard module hook 'hook-cv2.py' from '/Users/apple/Downloads/SubtitleTranslator/.venv/lib/python3.9/site-packages/_pyinstaller_hooks_contrib/stdhooks'
7561 INFO: Processing standard module hook 'hook-numpy.py' from '/Users/apple/Downloads/SubtitleTranslator/.venv/lib/python3.9/site-packages/PyInstaller/hooks'
7710 INFO: Processing standard module hook 'hook-platform.py' from '/Users/apple/Downloads/SubtitleTranslator/.venv/lib/python3.9/site-packages/PyInstaller/hooks'
7725 INFO: Processing standard module hook 'hook-xml.py' from '/Users/apple/Downloads/SubtitleTranslator/.venv/lib/python3.9/site-packages/PyInstaller/hooks'
7812 INFO: Processing standard module hook 'hook-sysconfig.py' from '/Users/apple/Downloads/SubtitleTranslator/.venv/lib/python3.9/site-packages/PyInstaller/hooks'
7820 INFO: Processing standard module hook 'hook-_osx_support.py' from '/Users/apple/Downloads/SubtitleTranslator/.venv/lib/python3.9/site-packages/PyInstaller/hooks'
7923 INFO: Processing standard module hook 'hook-webbrowser.py' from '/Users/apple/Downloads/SubtitleTranslator/.venv/lib/python3.9/site-packages/PyInstaller/hooks'
8360 INFO: Processing standard module hook 'hook-multiprocessing.util.py' from '/Users/apple/Downloads/SubtitleTranslator/.venv/lib/python3.9/site-packages/PyInstaller/hooks'
8510 INFO: Processing standard module hook 'hook-_ctypes.py' from '/Users/apple/Downloads/SubtitleTranslator/.venv/lib/python3.9/site-packages/PyInstaller/hooks'
9191 INFO: Processing standard module hook 'hook-charset_normalizer.py' from '/Users/apple/Downloads/SubtitleTranslator/.venv/lib/python3.9/site-packages/_pyinstaller_hooks_contrib/stdhooks'
9250 INFO: Processing pre-safe-import-module hook 'hook-typing_extensions.py' from '/Users/apple/Downloads/SubtitleTranslator/.venv/lib/python3.9/site-packages/PyInstaller/hooks/pre_safe_import_module'
9251 INFO: SetuptoolsInfo: initializing cached setuptools info...
9635 INFO: Processing standard module hook 'hook-imageio_ffmpeg.py' from '/Users/apple/Downloads/SubtitleTranslator/.venv/lib/python3.9/site-packages/_pyinstaller_hooks_contrib/stdhooks'
9665 INFO: Processing pre-safe-import-module hook 'hook-packaging.py' from '/Users/apple/Downloads/SubtitleTranslator/.venv/lib/python3.9/site-packages/PyInstaller/hooks/pre_safe_import_module'
9678 INFO: Processing standard module hook 'hook-PIL.py' from '/Users/apple/Downloads/SubtitleTranslator/.venv/lib/python3.9/site-packages/PyInstaller/hooks'
9726 INFO: Processing standard module hook 'hook-PIL.Image.py' from '/Users/apple/Downloads/SubtitleTranslator/.venv/lib/python3.9/site-packages/PyInstaller/hooks'
9893 INFO: Processing standard module hook 'hook-xml.etree.cElementTree.py' from '/Users/apple/Downloads/SubtitleTranslator/.venv/lib/python3.9/site-packages/PyInstaller/hooks'
9975 INFO: Processing standard module hook 'hook-PIL.ImageFilter.py' from '/Users/apple/Downloads/SubtitleTranslator/.venv/lib/python3.9/site-packages/PyInstaller/hooks'
10127 INFO: Processing standard module hook 'hook-docx.py' from '/Users/apple/Downloads/SubtitleTranslator/.venv/lib/python3.9/site-packages/_pyinstaller_hooks_contrib/stdhooks'
10164 INFO: Processing standard module hook 'hook-lxml.py' from '/Users/apple/Downloads/SubtitleTranslator/.venv/lib/python3.9/site-packages/_pyinstaller_hooks_contrib/stdhooks'
11004 INFO: Processing standard module hook 'hook-lxml.etree.py' from '/Users/apple/Downloads/SubtitleTranslator/.venv/lib/python3.9/site-packages/_pyinstaller_hooks_contrib/stdhooks'
11208 INFO: Processing standard module hook 'hook-urllib3.py' from '/Users/apple/Downloads/SubtitleTranslator/.venv/lib/python3.9/site-packages/_pyinstaller_hooks_contrib/stdhooks'
11252 INFO: Processing pre-safe-import-module hook 'hook-backports.py' from '/Users/apple/Downloads/SubtitleTranslator/.venv/lib/python3.9/site-packages/PyInstaller/hooks/pre_safe_import_module'
11458 INFO: Processing standard module hook 'hook-certifi.py' from '/Users/apple/Downloads/SubtitleTranslator/.venv/lib/python3.9/site-packages/_pyinstaller_hooks_contrib/stdhooks'
11567 INFO: Processing module hooks (post-graph stage)...
11682 INFO: Processing standard module hook 'hook-lxml.isoschematron.py' from '/Users/apple/Downloads/SubtitleTranslator/.venv/lib/python3.9/site-packages/_pyinstaller_hooks_contrib/stdhooks'
11856 INFO: Processing standard module hook 'hook-PIL.SpiderImagePlugin.py' from '/Users/apple/Downloads/SubtitleTranslator/.venv/lib/python3.9/site-packages/PyInstaller/hooks'
11902 INFO: Processing standard module hook 'hook-PySide6.QtDBus.py' from '/Users/apple/Downloads/SubtitleTranslator/.venv/lib/python3.9/site-packages/PyInstaller/hooks'
12008 INFO: Processing standard module hook 'hook-lxml.objectify.py' from '/Users/apple/Downloads/SubtitleTranslator/.venv/lib/python3.9/site-packages/_pyinstaller_hooks_contrib/stdhooks'
12014 INFO: Performing binary vs. data reclassification (198 entries)
12109 INFO: Looking for ctypes DLLs
12113 INFO: Analyzing run-time hooks ...
12115 INFO: Including run-time hook 'pyi_rth_pkgutil.py' from '/Users/apple/Downloads/SubtitleTranslator/.venv/lib/python3.9/site-packages/PyInstaller/hooks/rthooks'
12116 INFO: Including run-time hook 'pyi_rth_multiprocessing.py' from '/Users/apple/Downloads/SubtitleTranslator/.venv/lib/python3.9/site-packages/PyInstaller/hooks/rthooks'
12117 INFO: Including run-time hook 'pyi_rth_inspect.py' from '/Users/apple/Downloads/SubtitleTranslator/.venv/lib/python3.9/site-packages/PyInstaller/hooks/rthooks'
12118 INFO: Including run-time hook 'pyi_rth_pyside6.py' from '/Users/apple/Downloads/SubtitleTranslator/.venv/lib/python3.9/site-packages/PyInstaller/hooks/rthooks'
12119 INFO: Processing pre-find-module-path hook 'hook-_pyi_rth_utils.py' from '/Users/apple/Downloads/SubtitleTranslator/.venv/lib/python3.9/site-packages/PyInstaller/hooks/pre_find_module_path'
12119 INFO: Processing standard module hook 'hook-_pyi_rth_utils.py' from '/Users/apple/Downloads/SubtitleTranslator/.venv/lib/python3.9/site-packages/PyInstaller/hooks'
12131 INFO: Creating base_library.zip...
12142 INFO: Looking for dynamic libraries
12955 INFO: Warnings written to /Users/apple/Downloads/SubtitleTranslator/build/_work/SubtitleTranslator/warn-SubtitleTranslator.txt
12986 INFO: Graph cross-reference written to /Users/apple/Downloads/SubtitleTranslator/build/_work/SubtitleTranslator/xref-SubtitleTranslator.html
13319 INFO: checking PYZ
13319 INFO: Building PYZ because PYZ-00.toc is non existent
13319 INFO: Building PYZ (ZlibArchive) /Users/apple/Downloads/SubtitleTranslator/build/_work/SubtitleTranslator/PYZ-00.pyz
13652 INFO: Building PYZ (ZlibArchive) /Users/apple/Downloads/SubtitleTranslator/build/_work/SubtitleTranslator/PYZ-00.pyz completed successfully.
13661 INFO: EXE target arch: arm64
13661 INFO: Code signing identity: None
13664 INFO: checking PKG
13664 INFO: Building PKG because PKG-00.toc is non existent
13664 INFO: Building PKG (CArchive) SubtitleTranslator.pkg
13672 INFO: Building PKG (CArchive) SubtitleTranslator.pkg completed successfully.
13672 INFO: Bootloader /Users/apple/Downloads/SubtitleTranslator/.venv/lib/python3.9/site-packages/PyInstaller/bootloader/Darwin-64bit/runw
13672 INFO: checking EXE
13672 INFO: Building EXE because EXE-00.toc is non existent
13672 INFO: Building EXE from EXE-00.toc
13672 INFO: Copying bootloader EXE to /Users/apple/Downloads/SubtitleTranslator/build/_work/SubtitleTranslator/SubtitleTranslator
13673 INFO: Converting EXE to target arch (arm64)
13692 INFO: Removing signature(s) from EXE
13710 INFO: Modifying Mach-O image UUID(s) in EXE
13718 INFO: Appending PKG archive to EXE
13719 INFO: Fixing EXE headers for code signing
13723 INFO: Re-signing the EXE
13746 INFO: Building EXE from EXE-00.toc completed successfully.
13753 INFO: checking COLLECT
13753 INFO: Building COLLECT because COLLECT-00.toc is non existent
13753 INFO: Building COLLECT COLLECT-00.toc
17626 INFO: Building COLLECT COLLECT-00.toc completed successfully.
17636 INFO: checking BUNDLE
17636 INFO: Building BUNDLE because BUNDLE-00.toc is non existent
17636 INFO: Building BUNDLE BUNDLE-00.toc
21265 INFO: Signing the BUNDLE...
21483 INFO: Building BUNDLE BUNDLE-00.toc completed successfully.
21492 INFO: Build complete! The results are available in: /Users/apple/Downloads/SubtitleTranslator/dist
